\BOOKMARK [0][-]{chapter.1}{\376\377\000I\000n\000t\000r\000o\000d\000u\000c\000t\000i\000o\000n}{}% 1
\BOOKMARK [1][-]{section.1.1}{\376\377\000M\000o\000t\000i\000v\000a\000t\000i\000o\000n\000\040\000a\000n\000d\000\040\000r\000e\000s\000e\000a\000r\000c\000h\000\040\000q\000u\000e\000s\000t\000i\000o\000n\000s}{chapter.1}% 2
\BOOKMARK [1][-]{section.1.2}{\376\377\000C\000o\000n\000t\000r\000i\000b\000u\000t\000i\000o\000n\000s}{chapter.1}% 3
\BOOKMARK [1][-]{section.1.3}{\376\377\000T\000h\000e\000s\000i\000s\000\040\000s\000t\000r\000u\000c\000t\000u\000r\000e}{chapter.1}% 4
\BOOKMARK [0][-]{chapter.2}{\376\377\000B\000a\000c\000k\000g\000r\000o\000u\000n\000d}{}% 5
\BOOKMARK [1][-]{section.2.1}{\376\377\000I\000c\000e\000b\000e\000r\000g}{chapter.2}% 6
\BOOKMARK [2][-]{subsection.2.1.1}{\376\377\000A\000r\000c\000h\000i\000t\000e\000c\000t\000u\000r\000a\000l\000\040\000d\000e\000s\000i\000g\000n}{section.2.1}% 7
\BOOKMARK [2][-]{subsection.2.1.2}{\376\377\000W\000r\000i\000t\000i\000n\000g\000\040\000t\000o\000\040\000I\000c\000e\000b\000e\000r\000g\000\040\000t\000a\000b\000l\000e\000s}{section.2.1}% 8
\BOOKMARK [1][-]{section.2.2}{\376\377\000D\000e\000l\000t\000a\000\040\000L\000a\000k\000e}{chapter.2}% 9
\BOOKMARK [2][-]{subsection.2.2.1}{\376\377\000A\000r\000c\000h\000i\000t\000e\000c\000t\000u\000r\000a\000l\000\040\000d\000e\000s\000i\000g\000n}{section.2.2}% 10
\BOOKMARK [2][-]{subsection.2.2.2}{\376\377\000W\000r\000i\000t\000i\000n\000g\000\040\000t\000o\000\040\000D\000e\000l\000t\000a\000\040\000t\000a\000b\000l\000e\000s}{section.2.2}% 11
\BOOKMARK [1][-]{section.2.3}{\376\377\000D\000u\000c\000k\000L\000a\000k\000e}{chapter.2}% 12
\BOOKMARK [2][-]{subsection.2.3.1}{\376\377\000A\000r\000c\000h\000i\000t\000e\000c\000t\000u\000r\000a\000l\000\040\000d\000e\000s\000i\000g\000n}{section.2.3}% 13
\BOOKMARK [2][-]{subsection.2.3.2}{\376\377\000W\000r\000i\000t\000i\000n\000g\000\040\000t\000o\000\040\000D\000u\000c\000k\000L\000a\000k\000e}{section.2.3}% 14
\BOOKMARK [2][-]{subsection.2.3.3}{\376\377\000D\000a\000t\000a\000\040\000i\000n\000l\000i\000n\000i\000n\000g}{section.2.3}% 15
\BOOKMARK [1][-]{section.2.4}{\376\377\000D\000a\000t\000a\000\040\000s\000t\000r\000e\000a\000m\000s}{chapter.2}% 16
\BOOKMARK [1][-]{section.2.5}{\376\377\000B\000e\000n\000c\000h\000m\000a\000r\000k\000i\000n\000g}{chapter.2}% 17
\BOOKMARK [0][-]{chapter.3}{\376\377\000R\000e\000l\000a\000t\000e\000d\000\040\000W\000o\000r\000k}{}% 18
\BOOKMARK [1][-]{section.3.1}{\376\377\000B\000e\000n\000c\000h\000m\000a\000r\000k\000i\000n\000g\000\040\000l\000a\000k\000e\000h\000o\000u\000s\000e\000s}{chapter.3}% 19
\BOOKMARK [1][-]{section.3.2}{\376\377\000C\000o\000m\000m\000o\000n\000\040\000s\000t\000r\000e\000a\000m\000i\000n\000g\000\040\000b\000e\000n\000c\000h\000m\000a\000r\000k\000\040\000p\000a\000t\000t\000e\000r\000n\000s}{chapter.3}% 20
\BOOKMARK [2][-]{subsection.3.2.1}{\376\377\000D\000a\000t\000a\000s\000e\000t\000\040\000t\000y\000p\000e}{section.3.2}% 21
\BOOKMARK [2][-]{subsection.3.2.2}{\376\377\000D\000a\000t\000a\000\040\000i\000n\000g\000e\000s\000t\000i\000o\000n}{section.3.2}% 22
\BOOKMARK [2][-]{subsection.3.2.3}{\376\377\000M\000e\000t\000r\000i\000c\000s}{section.3.2}% 23
\BOOKMARK [2][-]{subsection.3.2.4}{\376\377\000T\000h\000r\000o\000u\000g\000h\000p\000u\000t}{section.3.2}% 24
\BOOKMARK [0][-]{chapter.4}{\376\377\000M\000e\000t\000h\000o\000d\000o\000l\000o\000g\000y}{}% 25
\BOOKMARK [1][-]{section.4.1}{\376\377\000B\000e\000n\000c\000h\000m\000a\000r\000k\000\040\000d\000e\000s\000i\000g\000n}{chapter.4}% 26
\BOOKMARK [2][-]{subsection.4.1.1}{\376\377\000D\000a\000t\000a\000s\000e\000t}{section.4.1}% 27
\BOOKMARK [2][-]{subsection.4.1.2}{\376\377\000D\000a\000t\000a\000\040\000i\000n\000g\000e\000s\000t\000i\000o\000n}{section.4.1}% 28
\BOOKMARK [2][-]{subsection.4.1.3}{\376\377\000D\000a\000t\000a\000\040\000f\000o\000r\000m\000a\000t}{section.4.1}% 29
\BOOKMARK [2][-]{subsection.4.1.4}{\376\377\000L\000a\000k\000e\000h\000o\000u\000s\000e\000s}{section.4.1}% 30
\BOOKMARK [2][-]{subsection.4.1.5}{\376\377\000M\000e\000t\000r\000i\000c\000s}{section.4.1}% 31
\BOOKMARK [1][-]{section.4.2}{\376\377\000E\000x\000p\000e\000r\000i\000m\000e\000n\000t\000a\000l\000\040\000s\000e\000t\000u\000p}{chapter.4}% 32
\BOOKMARK [2][-]{subsection.4.2.1}{\376\377\000C\000o\000n\000f\000i\000g\000u\000r\000a\000t\000i\000o\000n}{section.4.2}% 33
\BOOKMARK [2][-]{subsection.4.2.2}{\376\377\000H\000a\000r\000d\000w\000a\000r\000e}{section.4.2}% 34
\BOOKMARK [0][-]{chapter.5}{\376\377\000R\000e\000s\000u\000l\000t\000s}{}% 35
\BOOKMARK [0][-]{chapter.6}{\376\377\000D\000i\000s\000c\000u\000s\000s\000i\000o\000n}{}% 36
\BOOKMARK [1][-]{section.6.1}{\376\377\000L\000i\000m\000i\000t\000a\000t\000i\000o\000n\000s}{chapter.6}% 37
\BOOKMARK [0][-]{chapter.7}{\376\377\000C\000o\000n\000c\000l\000u\000s\000i\000o\000n\000\040\000a\000n\000d\000\040\000F\000u\000t\000u\000r\000e\000\040\000W\000o\000r\000k}{}% 38
\BOOKMARK [0][-]{appendix.A}{}{}% 39
